[2026-10-08T16:36:25] === 每日蒸馏流程开始 ===
[2026-10-08T16:36:25]   ✅ poller 抓新文章: [2026-10-08T16:36:25] RSS 条目 0，新文章 0
[2026-10-08T16:36:25]   ✅ predistill 预蒸馏: pending 为空，无待蒸馏文章
[2026-10-08T16:36:25] === 每日蒸馏流程结束 ===
[2026-10-08T16:38:18] 蒸馏循环启动（每日 09:30）
[2026-10-08T16:38:18] 下次执行: 2026-10-09T09:30:00（16.9h 后）
[2026-10-08T23:45:28] 蒸馏循环启动（每日 09:30）
[2026-10-08T23:45:28] 下次执行: 2026-10-09T09:30:00（9.7h 后）
[2026-10-09T00:45:28] 下次执行: 2026-10-09T09:30:00（8.7h 后）
[2026-10-09T01:45:28] 下次执行: 2026-10-09T09:30:00（7.7h 后）
[2026-10-09T02:45:28] 下次执行: 2026-10-09T09:30:00（6.7h 后）
[2026-10-09T03:45:28] 下次执行: 2026-10-09T09:30:00（5.7h 后）
[2026-10-09T04:45:28] 下次执行: 2026-10-09T09:30:00（4.7h 后）
[2026-10-09T05:45:28] 下次执行: 2026-10-09T09:30:00（3.7h 后）
[2026-10-09T06:45:28] 下次执行: 2026-10-09T09:30:00（2.7h 后）
[2026-10-09T07:45:28] 下次执行: 2026-10-09T09:30:00（1.7h 后）
[2026-10-09T08:45:28] 下次执行: 2026-10-09T09:30:00（0.7h 后）
[2026-10-09T09:30:00] === 每日蒸馏流程开始 ===
[2026-10-09T09:30:00]   ✅ poller 抓新文章: [2026-10-09T09:30:00] RSS 条目 3，新文章 0
[2026-10-09T09:30:00]   ✅ predistill 预蒸馏: pending 为空，无待蒸馏文章
[2026-10-09T09:30:00] === 每日蒸馏流程结束 ===
[2026-10-09T09:30:00] 下次执行: 2026-10-10T09:30:00（24.0h 后）
[2026-10-09T13:41:29] 蒸馏循环启动（每日 09:30）
[2026-10-09T13:41:29] 下次执行: 2026-10-10T09:30:00（19.8h 后）
[2026-10-09T14:41:29] 下次执行: 2026-10-10T09:30:00（18.8h 后）
[2026-10-09T15:41:29] 下次执行: 2026-10-10T09:30:00（17.8h 后）
[2026-10-09T16:41:29] 下次执行: 2026-10-10T09:30:00（16.8h 后）
[2026-10-09T17:41:29] 下次执行: 2026-10-10T09:30:00（15.8h 后）
[2026-10-09T18:41:29] 下次执行: 2026-10-10T09:30:00（14.8h 后）
[2026-10-09T19:41:29] 下次执行: 2026-10-10T09:30:00（13.8h 后）
[2026-10-09T20:41:29] 下次执行: 2026-10-10T09:30:00（12.8h 后）
[2026-10-09T21:41:29] 下次执行: 2026-10-10T09:30:00（11.8h 后）
[2026-10-09T22:41:29] 下次执行: 2026-10-10T09:30:00（10.8h 后）
[2026-10-09T23:41:29] 下次执行: 2026-10-10T09:30:00（9.8h 后）
